
> kangs-toeic-next@0.1.0 build
> next build

node.exe : ??Warning: Next.js inferred your workspace root, but it may not
 be correct.
위치 줄:1 문자:1
+ & "C:\Program Files\nodejs/node.exe" "C:\Program Files\nodejs/node_mo ..
.
+ ~~~~~~~~~~~~~~~~~~~~~~~~~~~~~~~~~~~~~~~~~~~~~~~~~~~~~~~~~~~~~~~~~~~~~
    + CategoryInfo          : NotSpecified: (??Warning: Next...not be cor 
   rect.:String) [], RemoteException
    + FullyQualifiedErrorId : NativeCommandError
 
 We detected multiple lockfiles and selected the directory of C:\Users\use
r\package-lock.json as the root directory.
 To silence this warning, set `turbopack.root` in your Next.js config, or 
consider removing one of the lockfiles if it's not needed.
   See https://nextjs.org/docs/app/api-reference/config/next-config-js/tur
bopack#root-directory for more information.
 Detected additional lockfiles: 
   * C:\Users\user\.gemini\antigravity\scratch\kangs-toeic-next\package-lo
ck.json

??Next.js 16.1.1 (Turbopack)
- Environments: .env.local

  Creating an optimized production build ...
??Compiled successfully in 3.4s
  Running TypeScript ...
  Collecting page data using 11 workers ...
  Generating static pages using 11 workers (0/10) ...
  Generating static pages using 11 workers (2/10) 
  Generating static pages using 11 workers (4/10) 
  Generating static pages using 11 workers (7/10) 
??Generating static pages using 11 workers (10/10) in 334.7ms
  Finalizing page optimization ...

Route (app)
????/
????/_not-found
????/admin/dashboard
????/homework/part2-practice
??? /homework/part2-practice/[testId]
????/homework/part5
??? /homework/part5/[unitId]
????/homework/shadowing-part1
??? /homework/shadowing-part1/[setId]
????/homework/voca
??? /homework/voca/[dayId]
????/login
????/report


?? (Static)   prerendered as static content
?  (Dynamic)  server-rendered on demand

