
> kangs-toeic-next@0.1.0 build
> next build

node.exe : ??Warning: Next.js infer
red your workspace root, but it may
 not be correct.
위치 줄:1 문자:1
+ & "C:\Program Files\nodejs/node.e
xe" "C:\Program Files\nodejs/node_m
o ...
+ ~~~~~~~~~~~~~~~~~~~~~~~~~~~~~~~~~
~~~~~~~~~~~~~~~~~~~~~~~~~~~~~~~~~~~
~
    + CategoryInfo          : NotS 
   pecified: (??Warning: Next...n  
  ot be correct.:String) [], Rem   
 oteException
    + FullyQualifiedErrorId : Nati 
   veCommandError
 
 We detected multiple lockfiles and
 selected the directory of C:\Users
\user\package-lock.json as the root
 directory.
 To silence this warning, set `turb
opack.root` in your Next.js config,
 or consider removing one of the lo
ckfiles if it's not needed.
   See https://nextjs.org/docs/app/
api-reference/config/next-config-js
/turbopack#root-directory for more 
information.
 Detected additional lockfiles: 
   * C:\Users\user\.gemini\antigrav
ity\scratch\kangs-toeic-next\packag
e-lock.json

??Next.js 16.1.1 (Turbopack)
- Environments: .env.local

??The "middleware" file convention 
is deprecated. Please use "proxy" i
nstead. Learn more: https://nextjs.
org/docs/messages/middleware-to-pro
xy
  Creating an optimized production build ...
??Compiled successfully in 5.7s
  Running TypeScript ...
  Collecting page data using 11 workers ...
  Generating static pages using 11 workers (0/34) ...
  Generating static pages using 11 workers (8/34) 
  Generating static pages using 11 workers (16/34) 
殊?useSearchParams() should be wrapp
ed in a suspense boundary at page "
/part5/runner". Read more: https://
nextjs.org/docs/messages/missing-su
spense-with-csr-bailout
    at Q (C:\Users\user\.gemini\ant
igravity\scratch\kangs-toeic-next\.
next\server\chunks\ssr\ad628_next_4
9541a44._.js:2:2111)
    at o (C:\Users\user\.gemini\ant
igravity\scratch\kangs-toeic-next\.
next\server\chunks\ssr\ad628_next_4
9541a44._.js:4:5286)
    at ad (C:\Users\user\.gemini\an
tigravity\scratch\kangs-toeic-next\
.next\server\chunks\ssr\2af11_antig
ravity_scratch_kangs-toeic-next_src
_app_part5_runner_page_tsx_8ef6c466
._.js:1:8181)
    at an (C:\Users\user\.gemini\an
tigravity\scratch\kangs-toeic-next\
node_modules\next\dist\compiled\nex
t-server\app-page-turbo.runtime.pro
d.js:2:84360)
    at ai (C:\Users\user\.gemini\an
tigravity\scratch\kangs-toeic-next\
node_modules\next\dist\compiled\nex
t-server\app-page-turbo.runtime.pro
d.js:2:86179)
    at al (C:\Users\user\.gemini\an
tigravity\scratch\kangs-toeic-next\
node_modules\next\dist\compiled\nex
t-server\app-page-turbo.runtime.pro
d.js:2:107953)
    at as (C:\Users\user\.gemini\an
tigravity\scratch\kangs-toeic-next\
node_modules\next\dist\compiled\nex
t-server\app-page-turbo.runtime.pro
d.js:2:105368)
    at aa (C:\Users\user\.gemini\an
tigravity\scratch\kangs-toeic-next\
node_modules\next\dist\compiled\nex
t-server\app-page-turbo.runtime.pro
d.js:2:84712)
    at ai (C:\Users\user\.gemini\an
tigravity\scratch\kangs-toeic-next\
node_modules\next\dist\compiled\nex
t-server\app-page-turbo.runtime.pro
d.js:2:86228)
    at ai (C:\Users\user\.gemini\an
tigravity\scratch\kangs-toeic-next\
node_modules\next\dist\compiled\nex
t-server\app-page-turbo.runtime.pro
d.js:2:104708)
Error occurred prerendering page "/
part5/runner". Read more: https://n
extjs.org/docs/messages/prerender-e
rror
Export encountered an error on /par
t5/runner/page: /part5/runner, exit
ing the build.
殊?Next.js build worker exited with 
code: 1 and signal: null
