src/app/admin/registrations/page.tsx(63,27): error TS2352: Conversion of type '{ id: string; }[]' to type 'User[]' may be a mistake because neither type sufficiently overlaps with the other. If this was intentional, convert the expression to 'unknown' first.
  Type '{ id: string; }' is missing the following properties from type 'User': username, email, password, userId, and 5 more.
src/app/admin/registrations/page.tsx(128,66): error TS2339: Property 'id' does not exist on type 'User'.
src/app/admin/registrations/page.tsx(185,48): error TS2339: Property 'id' does not exist on type 'User'.
src/app/admin/registrations/page.tsx(186,73): error TS2339: Property 'id' does not exist on type 'User'.
src/app/admin/registrations/page.tsx(297,73): error TS2339: Property 'id' does not exist on type 'User'.
src/app/admin/registrations/page.tsx(314,120): error TS2339: Property 'id' does not exist on type 'User'.
src/app/homework/part2/[testId]/page.tsx(200,17): error TS18047: 'synth.current' is possibly 'null'.
src/app/homework/part7/test/[testId]/page.tsx(191,65): error TS2304: Cannot find name 'isActive'.
src/components/exam/archive_mock/Part7Runner_Original.tsx(5,34): error TS2307: Cannot find module './Part7Templates' or its corresponding type declarations.
src/data/part3.ts(120,5): error TS2353: Object literal may only specify known properties, and '"hasScript"' does not exist in type 'Part3Set'.
src/data/part3.ts(216,5): error TS2353: Object literal may only specify known properties, and '"hasScript"' does not exist in type 'Part3Set'.
src/data/part3.ts(324,5): error TS2353: Object literal may only specify known properties, and '"hasScript"' does not exist in type 'Part3Set'.
src/data/part3.ts(424,5): error TS2353: Object literal may only specify known properties, and '"hasScript"' does not exist in type 'Part3Set'.
src/data/part3.ts(520,5): error TS2353: Object literal may only specify known properties, and '"hasScript"' does not exist in type 'Part3Set'.
src/data/part3.ts(620,5): error TS2353: Object literal may only specify known properties, and '"hasScript"' does not exist in type 'Part3Set'.
src/data/part3.ts(712,5): error TS2353: Object literal may only specify known properties, and '"hasScript"' does not exist in type 'Part3Set'.
src/data/part3.ts(812,5): error TS2353: Object literal may only specify known properties, and '"hasScript"' does not exist in type 'Part3Set'.
src/data/part3.ts(912,5): error TS2353: Object literal may only specify known properties, and '"hasScript"' does not exist in type 'Part3Set'.
src/data/part3.ts(1012,5): error TS2353: Object literal may only specify known properties, and '"hasScript"' does not exist in type 'Part3Set'.
src/data/part3.ts(1108,5): error TS2353: Object literal may only specify known properties, and '"hasScript"' does not exist in type 'Part3Set'.
src/data/part3.ts(1209,5): error TS2353: Object literal may only specify known properties, and '"hasScript"' does not exist in type 'Part3Set'.
src/data/part3.ts(1318,5): error TS2353: Object literal may only specify known properties, and '"hasScript"' does not exist in type 'Part3Set'.
src/data/rc_part6.ts(1406,17): error TS2322: Type '"INSTRUCTIONS"' is not assignable to type '"EMAIL" | "LETTER" | "NOTICE" | "ARTICLE" | "MEMO" | "ADVERTISEMENT" | "ANNOUNCEMENT"'.
src/data/rc_part6.ts(1510,17): error TS2322: Type '"POLICY"' is not assignable to type '"EMAIL" | "LETTER" | "NOTICE" | "ARTICLE" | "MEMO" | "ADVERTISEMENT" | "ANNOUNCEMENT"'.
src/data/rc_part6.ts(1830,17): error TS2322: Type '"POLICY"' is not assignable to type '"EMAIL" | "LETTER" | "NOTICE" | "ARTICLE" | "MEMO" | "ADVERTISEMENT" | "ANNOUNCEMENT"'.
src/data/rc_part6.ts(2038,17): error TS2322: Type '"INFORMATION"' is not assignable to type '"EMAIL" | "LETTER" | "NOTICE" | "ARTICLE" | "MEMO" | "ADVERTISEMENT" | "ANNOUNCEMENT"'.
