src/app/homework/part5/page.tsx(6,5): error TS2305: Module '"lucide-react"' has no exported member 'LayerGroup'.
src/app/homework/shadowing-part1/[setId]/page.tsx(59,9): error TS2349: This expression is not callable.
  Type 'ShadowingSentence[]' has no call signatures.
